
> yallaviral@0.1.0 build
> next build

Γû▓ Next.js 16.1.6 (Turbopack)
- Environments: .env.local

node.exe : ΓÜá The 
"middleware" file convention 
is deprecated. Please use 
"proxy" instead. Learn more: h
ttps://nextjs.org/docs/message
s/middleware-to-proxy
At line:1 char:1
+ & "C:\Program 
Files\nodejs/node.exe" "C:\Use
rs\abdel\AppData\Roaming\ ...
+ ~~~~~~~~~~~~~~~~~~~~~~~~~~~~
~~~~~~~~~~~~~~~~~~~~~~~~~~~~~~
~~~~~~~~~~~
    + CategoryInfo          : 
    NotSpecified: (ΓÜá The "  
  middle...leware-to-proxy:   
 String) [], RemoteExcepti    
on
    + FullyQualifiedErrorId : 
    NativeCommandError
 
  Creating an optimized production build ...

> Build error occurred
Error: Turbopack build failed 
with 1 errors:
./app/(dashboard)/requests/[id
]/page.tsx:9:1
Module not found: Can't 
resolve '@/lib/supabase'
[0m [90m  7 |[39m 
[36mimport[39m 
[33mLink[39m [36mfrom[39m 
[32m"next/link"[39m[33m;[3
9m
 [90m  8 |[39m 
[36mimport[39m { format } 
[36mfrom[39m [32m"date-fns"
[39m[33m;[39m
[31m[1m>[22m[39m[90m  9 
|[39m [36mimport[39m { 
supabase } [36mfrom[39m [32
m"@/lib/supabase"[39m[33m;[
39m
 [90m    |[39m [31m[1m^[2
2m[39m[31m[1m^[22m[39m[3
1m[1m^[22m[39m[31m[1m^[2
2m[39m[31m[1m^[22m[39m[3
1m[1m^[22m[39m[31m[1m^[2
2m[39m[31m[1m^[22m[39m[3
1m[1m^[22m[39m[31m[1m^[2
2m[39m[31m[1m^[22m[39m[3
1m[1m^[22m[39m[31m[1m^[2
2m[39m[31m[1m^[22m[39m[3
1m[1m^[22m[39m[31m[1m^[2
2m[39m[31m[1m^[22m[39m[3
1m[1m^[22m[39m[31m[1m^[2
2m[39m[31m[1m^[22m[39m[3
1m[1m^[22m[39m[31m[1m^[2
2m[39m[31m[1m^[22m[39m[3
1m[1m^[22m[39m[31m[1m^[2
2m[39m[31m[1m^[22m[39m[3
1m[1m^[22m[39m[31m[1m^[2
2m[39m[31m[1m^[22m[39m[3
1m[1m^[22m[39m[31m[1m^[2
2m[39m[31m[1m^[22m[39m[3
1m[1m^[22m[39m[31m[1m^[2
2m[39m[31m[1m^[22m[39m[3
1m[1m^[22m[39m[31m[1m^[2
2m[39m[31m[1m^[22m[39m[3
1m[1m^[22m[39m[31m[1m^[2
2m[39m[31m[1m^[22m[39m[3
1m[1m^[22m[39m
 [90m 10 |[39m 
[36mimport[39m { notFound } 
[36mfrom[39m [32m"next/navi
gation"[39m[33m;[39m
 [90m 11 |[39m
 [90m 12 |[39m [90m// 
Force dynamic rendering for 
this page since it depends on 
params[39m[0m

Import map: aliased to 
relative './lib/supabase' 
inside of [project]/


https://nextjs.org/docs/messag
es/module-not-found


    at <unknown> (./app/(dashb
oard)/requests/[id]/page.tsx:9
:1)
    at <unknown> (https://next
js.org/docs/messages/module-no
t-found)
