
> yallaviral@0.1.0 build
> next build

Γû▓ Next.js 16.1.6 (Turbopack)
- Environments: .env.local

node.exe : ΓÜá The 
"middleware" file 
convention is 
deprecated. Please use 
"proxy" instead. Learn 
more: https://nextjs.or
g/docs/messages/middlew
are-to-proxy
At line:1 char:1
+ & "C:\Program 
Files\nodejs/node.exe" 
"C:\Users\abdel\AppData
\Roaming\ ...
+ ~~~~~~~~~~~~~~~~~~~~~
~~~~~~~~~~~~~~~~~~~~~~~
~~~~~~~~~~~~~~~~~~~~~~~
~~
    + CategoryInfo     
         : NotSpecifi  
  ed: (ΓÜá The "midd   
 le...leware-to-pro    
xy:String) [], Rem    
oteException
    + FullyQualifiedEr 
   rorId : NativeComm  
  andError
 
  Creating an optimized production build ...
Error: Cannot apply 
unknown utility class `
shadow-[0_20px_50px_-15
px_rgba(0,`
    [2m[at 
onInvalidCandidate (C:\
Users\abdel\Desktop\Pro
jects\yallaviral\node_m
odules\tailwindcss\dist
\lib.js:21:1511)][0m
    [2m[at Te (C:\User
s\abdel\Desktop\Project
s\yallaviral\node_modul
es\tailwindcss\dist\lib
.js:16:36326)][0m
    [2m[at C:\Users\ab
del\Desktop\Projects\ya
llaviral\node_modules\t
ailwindcss\dist\lib.js:
21:355][0m
    [2m[at Rr (C:\User
s\abdel\Desktop\Project
s\yallaviral\node_modul
es\tailwindcss\dist\lib
.js:3:1718)][0m
    [2m[at _ (C:\Users
\abdel\Desktop\Projects
\yallaviral\node_module
s\tailwindcss\dist\lib.
js:3:1377)][0m
    [2m[at $e (C:\User
s\abdel\Desktop\Project
s\yallaviral\node_modul
es\tailwindcss\dist\lib
.js:21:172)][0m
    [2m[at un (C:\User
s\abdel\Desktop\Project
s\yallaviral\node_modul
es\tailwindcss\dist\lib
.js:38:294)][0m
    [2m[at async cn (C
:\Users\abdel\Desktop\P
rojects\yallaviral\node
_modules\tailwindcss\di
st\lib.js:38:631)][0m
    [2m[at async Xr (C
:\Users\abdel\Desktop\P
rojects\yallaviral\node
_modules\@tailwindcss\n
ode\dist\index.js:10:34
17)][0m
    [2m[at async I (C:
\Users\abdel\Desktop\Pr
ojects\yallaviral\node_
modules\@tailwindcss\po
stcss\dist\index.js:10:
3977)][0m

> Build error occurred
Error: Turbopack build 
failed with 1 errors:
./app/globals.css
Error evaluating 
Node.js code
CssSyntaxError: 
tailwindcss: C:\Users\a
bdel\Desktop\Projects\y
allaviral\app\globals.c
ss:1:1: Cannot apply 
unknown utility class `
shadow-[0_20px_50px_-15
px_rgba(0,`
    at Input.error (nod
e_modules/postcss/lib/i
nput.js:135:16) [C:\Use
rs\abdel\Desktop\Projec
ts\yallaviral\.next\bui
ld\chunks\node_modules_
fe693df6._.js:4651:22]
    at Root.error (node
_modules/postcss/lib/no
de.js:146:32) [C:\Users
\abdel\Desktop\Projects
\yallaviral\.next\build
\chunks\node_modules_fe
693df6._.js:928:38]
    [at Object.Once (C:
\Users\abdel\Desktop\Pr
ojects\yallaviral\node_
modules\@tailwindcss\po
stcss\dist\index.js:10:
6911)]
    at async 
LazyResult.runAsync (no
de_modules/postcss/lib/
lazy-result.js:293:11) 
[C:\Users\abdel\Desktop
\Projects\yallaviral\.n
ext\build\chunks\node_m
odules_fe693df6._.js:62
06:21]
    at async transform 
(turbopack:///[turbopac
k-node]/transforms/post
css.ts:70:34) [C:\Users
\abdel\Desktop\Projects
\yallaviral\.next\build
\chunks\[root-of-the-se
rver]__51225daf._.js:14
6:36]
    at async run (turbo
pack:///[turbopack-node
]/ipc/evaluate.ts:92:23
) [C:\Users\abdel\Deskt
op\Projects\yallaviral\
.next\build\chunks\[roo
t-of-the-server]__97494
1ed._.js:443:31]

Import trace:
  Client Component 
Browser:
    ./app/globals.css 
[Client Component 
Browser]
    ./app/layout.tsx 
[Server Component]


    at async transform 
(turbopack:///[turbopac
k-node]/transforms/post
css.ts:70:34) [C:\Users
\abdel\Desktop\Projects
\yallaviral\.next\build
\chunks\[root-of-the-se
rver]__51225daf._.js:14
6:36])
    at async run (turbo
pack:///[turbopack-node
]/ipc/evaluate.ts:92:23
) [C:\Users\abdel\Deskt
op\Projects\yallaviral\
.next\build\chunks\[roo
t-of-the-server]__97494
1ed._.js:443:31])
