node.exe : Γ¿» Unable to acquire 
lock at C:\Users\abdel\Desktop\Pro
jects\yallaviral\.next\lock, is 
another instance of next build 
running?
At line:1 char:1
+ & "C:\Program 
Files\nodejs/node.exe" 
"C:\Users\abdel\AppData\Roaming\ 
...
+ ~~~~~~~~~~~~~~~~~~~~~~~~~~~~~~~~
~~~~~~~~~~~~~~~~~~~~~~~~~~~~~~~~~~
~~~
    + CategoryInfo          : Not 
   Specified: (Γ¿» Unable to a..  
  . build running?:String) [],    
 RemoteException
    + FullyQualifiedErrorId : Nat 
   iveCommandError
 
  Suggestion: If you intended to restart next build, terminate the other process, and then try again.
