[dotenv@17.3.1] injecting env (6) from .env.local -- tip: ΓÜÖ∩╕Å  load multiple .env files with { path: ['.env.local', '.env'] }
node.exe : ΓÜá∩╕Å Supabase 
credentials missing during 
test setup. Tests may fail.
At line:1 char:1
+ & "C:\Program 
Files\nodejs/node.exe" "C:\Use
rs\abdel\AppData\Roaming\ ...
+ ~~~~~~~~~~~~~~~~~~~~~~~~~~~~
~~~~~~~~~~~~~~~~~~~~~~~~~~~~~~
~~~~~~~~~~~
    + CategoryInfo          : 
    NotSpecified: (ΓÜá∩╕Å Su  
  pabase...Tests may fail.:   
 String) [], RemoteExcepti    
on
    + FullyQualifiedErrorId : 
    NativeCommandError
 
Error: supabaseKey is required.

   at global.setup.ts:13

  11 |     }
  12 |
> 13 |     const adminAuthClient = createClient(supabaseUrl, supabaseServiceKey, {
     |                                         ^
  14 |         auth: {
  15 |             autoRefreshToken: false,
  16 |             persistSession: false
    at SupabaseClient (C:\Users\abdel\Desktop\Projects\yallaviral\node_modules\@supabase\supabase-js\src\SupabaseClient.ts:118:29)
    at createClient (C:\Users\abdel\Desktop\Projects\yallaviral\node_modules\@supabase\supabase-js\src\index.ts:60:10)
    at globalSetup (C:\Users\abdel\Desktop\Projects\yallaviral\tests\e2e\global.setup.ts:13:41)

